EXTI_program.c:68:6:EXTI_voidInitLine	16	static
EXTI_program.c:88:6:EXTI_voidEnableEXTI	16	static
EXTI_program.c:93:6:EXTI_voidDisableEXTI	16	static
EXTI_program.c:98:6:EXTI_voidSoftwareTrigger	16	static
EXTI_program.c:102:6:EXTI_voidChangeLineTrigger	16	static
EXTI_program.c:107:6:EXTI_voidSetCallBackFCN	16	static
EXTI_program.c:113:9:EXTI0_IRQHandler	8	static
EXTI_program.c:120:9:EXTI1_IRQHandler	8	static
EXTI_program.c:126:9:EXTI2_IRQHandler	8	static
EXTI_program.c:132:9:EXTI3_IRQHandler	8	static
EXTI_program.c:138:9:EXTI4_IRQHandler	8	static
EXTI_program.c:144:9:EXTI5_IRQHandler	8	static
EXTI_program.c:150:9:EXTI6_IRQHandler	8	static
EXTI_program.c:156:9:EXTI7_IRQHandler	8	static
EXTI_program.c:163:9:EXTI8_IRQHandler	8	static
EXTI_program.c:169:9:EXTI9_IRQHandler	8	static
EXTI_program.c:175:9:EXTI10_IRQHandler	8	static
EXTI_program.c:181:9:EXTI11_IRQHandler	8	static
EXTI_program.c:187:9:EXTI12_IRQHandler	8	static
EXTI_program.c:193:9:EXTI13_IRQHandler	8	static
EXTI_program.c:199:9:EXTI14_IRQHandler	8	static
EXTI_program.c:205:9:EXTI15_IRQHandler	8	static
