APP.c:374:6:xDelay	24	static
APP.c:407:13:System_voidFillAdminsData	4	static
APP.c:448:13:System_voidFillDriverssData	4	static
APP.c:490:11:System_u8ValidateAdminData	40	static
APP.c:589:13:System_voidAddNewUser	24	static
APP.c:689:13:System_VoidDeleteUser	48	static
APP.c:835:4:compTwoStrings	24	static
APP.c:853:13:SPI_voidSetup	8	static
APP.c:881:13:LCD_voidSetup	8	static
APP.c:905:6:UART_voidSetup	8	static
APP.c:924:13:progressBar	24	static
APP.c:936:13:DeletingBar	24	static
APP.c:958:13:AddinggBar	24	static
APP.c:974:13:LCD_voidMainScreen	8	static
APP.c:987:13:LCD_voidAdminOptions	8	static
APP.c:1001:13:LCD_voidStatusOptions	8	static
APP.c:1019:13:LCD_AddDriver	8	static
APP.c:1029:13:LCD_voidDeleteDriver	8	static
APP.c:1044:13:LCD_voidDeletingOptions	8	static
APP.c:1066:13:keypad_voidSetup	8	static
APP.c:1084:6:_7Segnent_voidSetup	8	static
APP.c:1112:13:EXTI_voidSetup	8	static
APP.c:1143:6:ECU3_Dashboard_APP_SETUP	8	static
APP.c:1175:6:ECU3_Dashboard_APP_LOOP	8	static
APP.c:1292:13:ECU1_Callback	40	static
APP.c:1420:13:ECU3_Callback	40	static
APP.c:1553:13:Tiner_voidCallback	4	static
