APP.c:202:6:xDelay	24	static
APP.c:213:13:ECU1_Callback	40	static
APP.c:338:13:ECU3_Callback	8	static
APP.c:350:13:System_voidFillAdminsData	4	static
APP.c:387:13:System_voidFillDriverssData	4	static
APP.c:428:11:System_u8ValidateAdminData	40	static
APP.c:516:13:System_voidAddNewUser	24	static
APP.c:617:13:System_VoidDeleteUser	48	static
APP.c:758:4:compTwoStrings	24	static
APP.c:776:13:SPI_voidSetup	8	static
APP.c:801:13:LCD_voidSetup	8	static
APP.c:821:6:UART_voidSetup	8	static
APP.c:840:13:progressBar	24	static
APP.c:852:13:DeletingBar	24	static
APP.c:867:13:AddinggBar	24	static
APP.c:883:13:LCD_voidMainScreen	8	static
APP.c:896:13:LCD_voidAdminOptions	8	static
APP.c:910:13:LCD_voidStatusOptions	8	static
APP.c:930:13:LCD_AddDriver	8	static
APP.c:940:13:LCD_voidDeleteDriver	8	static
APP.c:950:13:LCD_voidDeletingOptions	8	static
APP.c:967:13:keypad_voidSetup	8	static
APP.c:981:6:_7Segnent_voidSetup	8	static
APP.c:1002:13:EXTI_voidSetup	8	static
APP.c:1033:6:ECU3_Dashboard_APP_SETUP	8	static
APP.c:1062:6:ECU3_Dashboard_APP_LOOP	8	static
